19:04:01 **** Incremental Build of configuration Debug for project atividade-pwm ****
make -j2 all 
arm-none-eabi-gcc "../Core/Src/main.c" -mcpu=cortex-m4 -std=gnu11 -g3 -DDEBUG -DUSE_HAL_DRIVER -DSTM32F446xx -c -I../Core/Inc -I../Drivers/STM32F4xx_HAL_Driver/Inc -I../Drivers/STM32F4xx_HAL_Driver/Inc/Legacy -I../Drivers/CMSIS/Device/ST/STM32F4xx/Include -I../Drivers/CMSIS/Include -O0 -ffunction-sections -fdata-sections -Wall -fstack-usage -fcyclomatic-complexity -MMD -MP -MF"Core/Src/main.d" -MT"Core/Src/main.o" --specs=nano.specs -mfpu=fpv4-sp-d16 -mfloat-abi=hard -mthumb -o "Core/Src/main.o"
arm-none-eabi-gcc -o "atividade-pwm.elf" @"objects.list"   -mcpu=cortex-m4 -T"C:\Users\tankc\Projects\embarcados\capacitacao_embarcados\atividade-pwm\STM32F446RETX_FLASH.ld" --specs=nosys.specs -Wl,-Map="atividade-pwm.map" -Wl,--gc-sections -static --specs=nano.specs -mfpu=fpv4-sp-d16 -mfloat-abi=hard -mthumb -Wl,--start-group -lc -lm -Wl,--end-group
Finished building target: atividade-pwm.elf
 
arm-none-eabi-size  atividade-pwm.elf 
arm-none-eabi-objdump -h -S atividade-pwm.elf  > "atividade-pwm.list"
   text	   data	    bss	    dec	    hex	filename
  18316	     92	   2188	  20596	   5074	atividade-pwm.elf
Finished building: default.size.stdout
 
Finished building: atividade-pwm.list
 

19:04:06 Build Finished. 0 errors, 0 warnings. (took 4s.252ms)

