14:51:46 **** Incremental Build of configuration Debug for project microserve ****
make -j2 all 
arm-none-eabi-gcc "../Core/Src/main.c" -mcpu=cortex-m4 -std=gnu11 -g3 -DDEBUG -DUSE_HAL_DRIVER -DSTM32F446xx -c -I../Core/Inc -I../Drivers/STM32F4xx_HAL_Driver/Inc -I../Drivers/STM32F4xx_HAL_Driver/Inc/Legacy -I../Drivers/CMSIS/Device/ST/STM32F4xx/Include -I../Drivers/CMSIS/Include -I"C:/Users/Miguel Ryan/Projects/micro/embedded/capacitacao_embarcados/nucleo-f446re/microserve/Drivers/SSD_1306_drive/Inc" -O0 -ffunction-sections -fdata-sections -Wall -fstack-usage -fcyclomatic-complexity -MMD -MP -MF"Core/Src/main.d" -MT"Core/Src/main.o" --specs=nano.specs -mfpu=fpv4-sp-d16 -mfloat-abi=hard -mthumb -o "Core/Src/main.o"
arm-none-eabi-gcc -o "microserve.elf" @"objects.list"   -mcpu=cortex-m4 -T"C:\Users\Miguel Ryan\Projects\micro\embedded\capacitacao_embarcados\nucleo-f446re\microserve\STM32F446RETX_FLASH.ld" --specs=nosys.specs -Wl,-Map="microserve.map" -Wl,--gc-sections -static --specs=nano.specs -mfpu=fpv4-sp-d16 -mfloat-abi=hard -mthumb -Wl,--start-group -lc -lm -Wl,--end-group
Finished building target: microserve.elf
 
arm-none-eabi-size  microserve.elf 
arm-none-eabi-objdump -h -S microserve.elf  > "microserve.list"
   text	   data	    bss	    dec	    hex	filename
  18676	     20	   2756	  21452	   53cc	microserve.elf
Finished building: default.size.stdout
 
Finished building: microserve.list
 

14:51:49 Build Finished. 0 errors, 0 warnings. (took 2s.737ms)

