17:27:13 **** Incremental Build of configuration Debug for project i2c-relogio ****
make -j32 all 
arm-none-eabi-gcc "../Core/Src/main.c" -mcpu=cortex-m4 -std=gnu11 -g3 -DDEBUG -DUSE_HAL_DRIVER -DSTM32F446xx -c -I../Core/Inc -I../Drivers/STM32F4xx_HAL_Driver/Inc -I../Drivers/STM32F4xx_HAL_Driver/Inc/Legacy -I../Drivers/CMSIS/Device/ST/STM32F4xx/Include -I../Drivers/CMSIS/Include -I"C:/Users/migue/Documents/GitHub/embedded/recreativo/nucleo-f446re/i2c-relogio/Drivers/SSD_1306_drive/Inc" -O0 -ffunction-sections -fdata-sections -Wall -fstack-usage -fcyclomatic-complexity -MMD -MP -MF"Core/Src/main.d" -MT"Core/Src/main.o" --specs=nano.specs -mfpu=fpv4-sp-d16 -mfloat-abi=hard -mthumb -o "Core/Src/main.o"
../Core/Src/main.c: In function 'main':
../Core/Src/main.c:124:34: warning: '%02d' directive writing between 2 and 11 bytes into a region of size between 2 and 20 [-Wformat-overflow=]
  124 |       sprintf(buffer, "%02d:%02d:%02d",
      |                                  ^~~~
../Core/Src/main.c:124:23: note: directive argument in the range [-2147483647, 59]
  124 |       sprintf(buffer, "%02d:%02d:%02d",
      |                       ^~~~~~~~~~~~~~~~
../Core/Src/main.c:124:7: note: 'sprintf' output between 9 and 36 bytes into a destination of size 26
  124 |       sprintf(buffer, "%02d:%02d:%02d",
      |       ^~~~~~~~~~~~~~~~~~~~~~~~~~~~~~~~~
  125 |                   cont_hours,
      |                   ~~~~~~~~~~~
  126 |                   cont_minutes,
      |                   ~~~~~~~~~~~~~
  127 |                   cont_seconds);
      |                   ~~~~~~~~~~~~~
arm-none-eabi-gcc -o "i2c-relogio.elf" @"objects.list"   -mcpu=cortex-m4 -T"C:\Users\migue\Documents\GitHub\embedded\recreativo\nucleo-f446re\i2c-relogio\STM32F446RETX_FLASH.ld" --specs=nosys.specs -Wl,-Map="i2c-relogio.map" -Wl,--gc-sections -static --specs=nano.specs -mfpu=fpv4-sp-d16 -mfloat-abi=hard -mthumb -Wl,--start-group -lc -lm -Wl,--end-group
Finished building target: i2c-relogio.elf
 
arm-none-eabi-size  i2c-relogio.elf 
arm-none-eabi-objdump -h -S i2c-relogio.elf  > "i2c-relogio.list"
   text	   data	    bss	    dec	    hex	filename
  17632	    100	   3020	  20752	   5110	i2c-relogio.elf
Finished building: default.size.stdout
 
Finished building: i2c-relogio.list
 

17:27:14 Build Finished. 0 errors, 1 warnings. (took 1s.239ms)

