18:45:43 **** Incremental Build of configuration Debug for project i2c-relogio ****
make -j32 all 
arm-none-eabi-gcc "../Core/Src/main.c" -mcpu=cortex-m4 -std=gnu11 -g3 -DDEBUG -DUSE_HAL_DRIVER -DSTM32F446xx -c -I../Core/Inc -I../Drivers/STM32F4xx_HAL_Driver/Inc -I../Drivers/STM32F4xx_HAL_Driver/Inc/Legacy -I../Drivers/CMSIS/Device/ST/STM32F4xx/Include -I../Drivers/CMSIS/Include -I"C:/Users/migue/Documents/GitHub/embedded/recreativo/nucleo-f446re/i2c-relogio/Drivers/SSD_1306_drive/Inc" -O0 -ffunction-sections -fdata-sections -Wall -fstack-usage -fcyclomatic-complexity -MMD -MP -MF"Core/Src/main.d" -MT"Core/Src/main.o" --specs=nano.specs -mfpu=fpv4-sp-d16 -mfloat-abi=hard -mthumb -o "Core/Src/main.o"
../Core/Src/main.c: In function 'main':
../Core/Src/main.c:108:7: warning: implicit declaration of function 'sprintf' [-Wimplicit-function-declaration]
  108 |       sprintf(buffer, "Hora: %02d:%02d:%02d\n",
      |       ^~~~~~~
../Core/Src/main.c:23:1: note: include '<stdio.h>' or provide a declaration of 'sprintf'
   22 | #include <time.h>
  +++ |+#include <stdio.h>
   23 | /* Private includes ----------------------------------------------------------*/
../Core/Src/main.c:108:7: warning: incompatible implicit declaration of built-in function 'sprintf' [-Wbuiltin-declaration-mismatch]
  108 |       sprintf(buffer, "Hora: %02d:%02d:%02d\n",
      |       ^~~~~~~
../Core/Src/main.c:108:7: note: include '<stdio.h>' or provide a declaration of 'sprintf'
../Core/Src/main.c:108:15: warning: pointer targets in passing argument 1 of 'sprintf' differ in signedness [-Wpointer-sign]
  108 |       sprintf(buffer, "Hora: %02d:%02d:%02d\n",
      |               ^~~~~~
      |               |
      |               uint8_t * {aka unsigned char *}
../Core/Src/main.c:108:15: note: expected 'char *' but argument is of type 'uint8_t *' {aka 'unsigned char *'}
../Core/Src/main.c:113:20: warning: pointer targets in passing argument 1 of 'SSD1306_Puts' differ in signedness [-Wpointer-sign]
  113 |       SSD1306_Puts(buffer , &Font_7x10, 1);
      |                    ^~~~~~
      |                    |
      |                    uint8_t * {aka unsigned char *}
In file included from ../Core/Src/main.c:21:
C:/Users/migue/Documents/GitHub/embedded/recreativo/nucleo-f446re/i2c-relogio/Drivers/SSD_1306_drive/Inc/ssd1306.h:144:25: note: expected 'char *' but argument is of type 'uint8_t *' {aka 'unsigned char *'}
  144 | char SSD1306_Puts(char* str, FontDef_t* Font, SSD1306_COLOR_t color);
      |                   ~~~~~~^~~
arm-none-eabi-gcc -o "i2c-relogio.elf" @"objects.list"   -mcpu=cortex-m4 -T"C:\Users\migue\Documents\GitHub\embedded\recreativo\nucleo-f446re\i2c-relogio\STM32F446RETX_FLASH.ld" --specs=nosys.specs -Wl,-Map="i2c-relogio.map" -Wl,--gc-sections -static --specs=nano.specs -mfpu=fpv4-sp-d16 -mfloat-abi=hard -mthumb -Wl,--start-group -lc -lm -Wl,--end-group
C:/ST/STM32CubeIDE_1.16.1/STM32CubeIDE/plugins/com.st.stm32cube.ide.mcu.externaltools.gnu-tools-for-stm32.12.3.rel1.win32_1.0.200.202406191623/tools/bin/../lib/gcc/arm-none-eabi/12.3.1/../../../../arm-none-eabi/bin/ld.exe: C:/ST/STM32CubeIDE_1.16.1/STM32CubeIDE/plugins/com.st.stm32cube.ide.mcu.externaltools.gnu-tools-for-stm32.12.3.rel1.win32_1.0.200.202406191623/tools/bin/../lib/gcc/arm-none-eabi/12.3.1/../../../../arm-none-eabi/lib/thumb/v7e-m+fp/hard\libc_nano.a(libc_a-gettimeofdayr.o): in function `_gettimeofday_r':
(.text._gettimeofday_r+0xe): warning: _gettimeofday is not implemented and will always fail
Finished building target: i2c-relogio.elf
 
arm-none-eabi-size  i2c-relogio.elf 
arm-none-eabi-objdump -h -S i2c-relogio.elf  > "i2c-relogio.list"
   text	   data	    bss	    dec	    hex	filename
  24800	    216	   3064	  28080	   6db0	i2c-relogio.elf
Finished building: default.size.stdout
 
Finished building: i2c-relogio.list
 

18:45:44 Build Finished. 0 errors, 5 warnings. (took 379ms)

