18:40:16 **** Incremental Build of configuration Debug for project i2c-sharingan-animation ****
make -j32 all 
arm-none-eabi-gcc "../Core/Src/main.c" -mcpu=cortex-m4 -std=gnu11 -g3 -DDEBUG -DUSE_HAL_DRIVER -DSTM32F446xx -c -I../Core/Inc -I../Drivers/STM32F4xx_HAL_Driver/Inc -I../Drivers/STM32F4xx_HAL_Driver/Inc/Legacy -I../Drivers/CMSIS/Device/ST/STM32F4xx/Include -I../Drivers/CMSIS/Include -I"C:/Users/migue/Documents/GitHub/embedded/recreativo/nucleo-f446re/i2c-sharingan-animation/Drivers/SSD_1306_drive/Inc" -O0 -ffunction-sections -fdata-sections -Wall -fstack-usage -fcyclomatic-complexity -MMD -MP -MF"Core/Src/main.d" -MT"Core/Src/main.o" --specs=nano.specs -mfpu=fpv4-sp-d16 -mfloat-abi=hard -mthumb -o "Core/Src/main.o"
arm-none-eabi-gcc -o "i2c-sharingan-animation.elf" @"objects.list"   -mcpu=cortex-m4 -T"C:\Users\migue\Documents\GitHub\embedded\recreativo\nucleo-f446re\i2c-sharingan-animation\STM32F446RETX_FLASH.ld" --specs=nosys.specs -Wl,-Map="i2c-sharingan-animation.map" -Wl,--gc-sections -static --specs=nano.specs -mfpu=fpv4-sp-d16 -mfloat-abi=hard -mthumb -Wl,--start-group -lc -lm -Wl,--end-group
Finished building target: i2c-sharingan-animation.elf
 
arm-none-eabi-size  i2c-sharingan-animation.elf 
arm-none-eabi-objdump -h -S i2c-sharingan-animation.elf  > "i2c-sharingan-animation.list"
   text	   data	    bss	    dec	    hex	filename
  27684	     12	   2684	  30380	   76ac	i2c-sharingan-animation.elf
Finished building: default.size.stdout
 
Finished building: i2c-sharingan-animation.list
 

18:40:16 Build Finished. 0 errors, 0 warnings. (took 376ms)

